// Jest Snapshot v1, https://goo.gl/fbAQLP

exports[`matches the snapshot 1`] = `
<body>
  <div>
    <nav
      class="bg-white flex justify-between p-4"
    >
      <img
        alt="Menu"
        height="48"
        src="/icons/hamburger.svg"
        width="48"
      />
       
      <img
        alt="Profile"
        height="48"
        src="/images/profile-placeholder.jpg"
        width="48"
      />
    </nav>
  </div>
</body>
`;
